// Jest Snapshot v1, https://goo.gl/fbAQLP

exports[`should render Cart component should match snapshot 1`] = `
<div
  className="cartBg"
>
  <div
    className="Products"
  />
</div>
`;
