// Jest Snapshot v1, https://goo.gl/fbAQLP

exports[`it should render shopping card should match snapshot 1`] = `null`;
